// Jest Snapshot v1, https://goo.gl/fbAQLP

exports[`should render Footer correctly 1`] = `
<footer
  className="footer"
>
  <div>
    yonikid
  </div>
  <div>
    view source
  </div>
</footer>
`;
