// Jest Snapshot v1, https://goo.gl/fbAQLP

exports[`should render Header correctly 1`] = `
<header
  className="header"
>
  <div
    className="header__content"
  >
    <h1
      className="header__title"
    >
      <Link
        replace={false}
        to="/"
      >
        Weather Finder
      </Link>
    </h1>
    <span>
      September 17th, 2018
    </span>
  </div>
</header>
`;
