// Jest Snapshot v1, https://goo.gl/fbAQLP

exports[`should render UpButton Correctly 1`] = `
<button
  className="upBtn"
  onClick={[Function]}
>
  <i
    className="fas fa-caret-up upBtn__icon"
  />
</button>
`;
